{
 "spdxVersion": "SPDX-2.2",
 "dataLicense": "CC0-1.0",
 "SPDXID": "SPDXRef-DOCUMENT",
 "name": "user-image-input",
 "documentNamespace": "https://anchore.com/syft/image/user-image-input-c725d1a0-94bc-4c99-92ac-250ce6b80a1c",
 "creationInfo": {
  "licenseListVersion": "3.16",
  "creators": [
   "Organization: Anchore, Inc",
   "Tool: syft-v0.42.0-bogus"
  ],
  "created": "2023-01-12T20:40:56Z",
  "comment": ""
 },
 "packages": [
  {
   "IsUnpackaged": false,
   "name": "package-1",
   "SPDXID": "SPDXRef-Package-python-package-1-66ba429119b8bec6",
   "versionInfo": "1.0.1",
   "downloadLocation": "NOASSERTION",
   "IsFilesAnalyzedTagPresent": true,
   "packageVerificationCode": {
    "packageVerificationCodeValue": ""
   },
   "checksums": null,
   "sourceInfo": "acquired package info from installed python package manifest file: /somefile-1.txt",
   "licenseConcluded": "MIT",
   "licenseInfoFromFiles": null,
   "licenseDeclared": "MIT",
   "copyrightText": "NOASSERTION",
   "externalRefs": [
    {
     "referenceCategory": "SECURITY",
     "referenceType": "cpe23Type",
     "referenceLocator": "cpe:2.3:*:some:package:1:*:*:*:*:*:*:*",
     "comment": ""
    },
    {
     "referenceCategory": "PACKAGE-MANAGER",
     "referenceType": "purl",
     "referenceLocator": "a-purl-1",
     "comment": ""
    }
   ],
   "Files": null,
   "annotations": null
  },
  {
   "IsUnpackaged": false,
   "name": "package-2",
   "SPDXID": "SPDXRef-Package-deb-package-2-958443e2d9304af4",
   "versionInfo": "2.0.1",
   "downloadLocation": "NOASSERTION",
   "IsFilesAnalyzedTagPresent": true,
   "packageVerificationCode": {
    "packageVerificationCodeValue": ""
   },
   "checksums": null,
   "sourceInfo": "acquired package info from DPKG DB: /somefile-2.txt",
   "licenseConcluded": "NONE",
   "licenseInfoFromFiles": null,
   "licenseDeclared": "NONE",
   "copyrightText": "NOASSERTION",
   "externalRefs": [
    {
     "referenceCategory": "SECURITY",
     "referenceType": "cpe23Type",
     "referenceLocator": "cpe:2.3:*:some:package:2:*:*:*:*:*:*:*",
     "comment": ""
    },
    {
     "referenceCategory": "PACKAGE-MANAGER",
     "referenceType": "purl",
     "referenceLocator": "pkg:deb/debian/package-2@2.0.1",
     "comment": ""
    }
   ],
   "Files": null,
   "annotations": null
  }
 ],
 "files": null,
 "hasExtractedLicensingInfos": null,
 "relationships": [
  {
   "spdxElementId": "SPDXRef-DOCUMENT",
   "relatedSpdxElement": "SPDXRef-DOCUMENT",
   "relationshipType": "DESCRIBES"
  }
 ],
 "annotations": null,
 "snippets": null,
 "Reviews": null
}
